main.c:80:5:main	8	static
main.c:146:6:SystemClock_Config	72	static
main.c:182:13:MX_SPI1_Init	8	static
main.c:220:13:MX_GPIO_Init	32	static
main.c:237:9:spi_flash_read	16	static
main.c:242:6:spi_flash_write	16	static
main.c:247:6:address_bus_init	4	static
main.c:252:10:address_bus_read	4	static
main.c:258:6:memory_bus_init	4	static
main.c:263:6:memory_bus_write	16	static
main.c:268:6:game_load	4	static
main.c:273:6:game_state	4	static
main.c:278:6:bios_load	4	static
main.c:283:6:bios_state	16	static
main.c:303:6:Error_Handler	4	static,ignoring_inline_asm
